\BOOKMARK [0][-]{chapter*.1}{\376\377\000A\000b\000s\000t\000r\000a\000c\000t}{}% 1
\BOOKMARK [0][-]{chapter.1}{\376\377\000I\000n\000t\000r\000o\000d\000u\000c\000t\000i\000o\000n}{}% 2
\BOOKMARK [1][-]{section.1.1}{\376\377\000B\000a\000c\000k\000g\000r\000o\000u\000n\000d}{chapter.1}% 3
\BOOKMARK [1][-]{section.1.2}{\376\377\000M\000o\000t\000i\000v\000a\000t\000i\000o\000n}{chapter.1}% 4
\BOOKMARK [1][-]{section.1.3}{\376\377\000P\000r\000o\000b\000l\000e\000m\000\040\000S\000t\000a\000t\000e\000m\000e\000n\000t}{chapter.1}% 5
\BOOKMARK [1][-]{section.1.4}{\376\377\000R\000e\000s\000e\000a\000r\000c\000h\000\040\000A\000i\000m}{chapter.1}% 6
\BOOKMARK [1][-]{section.1.5}{\376\377\000K\000e\000y\000\040\000D\000e\000f\000i\000n\000i\000t\000i\000o\000n\000s}{chapter.1}% 7
\BOOKMARK [1][-]{section.1.6}{\376\377\000P\000r\000i\000m\000a\000r\000y\000\040\000E\000x\000p\000e\000c\000t\000e\000d\000\040\000C\000o\000n\000t\000r\000i\000b\000u\000t\000i\000o\000n}{chapter.1}% 8
\BOOKMARK [1][-]{section.1.7}{\376\377\000R\000e\000s\000e\000a\000r\000c\000h\000\040\000O\000b\000j\000e\000c\000t\000i\000v\000e\000s}{chapter.1}% 9
\BOOKMARK [1][-]{section.1.8}{\376\377\000R\000e\000s\000e\000a\000r\000c\000h\000\040\000Q\000u\000e\000s\000t\000i\000o\000n\000s}{chapter.1}% 10
\BOOKMARK [1][-]{section.1.9}{\376\377\000C\000o\000n\000t\000r\000i\000b\000u\000t\000i\000o\000n\000s\000\040\000P\000r\000e\000v\000i\000e\000w}{chapter.1}% 11
\BOOKMARK [1][-]{section.1.10}{\376\377\000S\000c\000o\000p\000e}{chapter.1}% 12
\BOOKMARK [1][-]{section.1.11}{\376\377\000D\000i\000s\000s\000e\000r\000t\000a\000t\000i\000o\000n\000\040\000S\000t\000r\000u\000c\000t\000u\000r\000e}{chapter.1}% 13
\BOOKMARK [1][-]{section.1.12}{\376\377\000C\000o\000n\000t\000e\000x\000t\000:\000\040\000M\000e\000m\000o\000r\000y\000\040\000F\000o\000r\000e\000n\000s\000i\000c\000s\000\040\000i\000n\000\040\000I\000n\000c\000i\000d\000e\000n\000t\000\040\000R\000e\000s\000p\000o\000n\000s\000e}{chapter.1}% 14
\BOOKMARK [1][-]{section.1.13}{\376\377\000E\000x\000p\000e\000c\000t\000e\000d\000\040\000O\000u\000t\000c\000o\000m\000e\000s}{chapter.1}% 15
\BOOKMARK [0][-]{chapter.2}{\376\377\000L\000i\000t\000e\000r\000a\000t\000u\000r\000e\000\040\000R\000e\000v\000i\000e\000w}{}% 16
\BOOKMARK [1][-]{section.2.1}{\376\377\000M\000a\000l\000w\000a\000r\000e\000\040\000D\000e\000t\000e\000c\000t\000i\000o\000n}{chapter.2}% 17
\BOOKMARK [1][-]{section.2.2}{\376\377\000S\000t\000a\000t\000i\000c\000,\000\040\000D\000y\000n\000a\000m\000i\000c\000,\000\040\000a\000n\000d\000\040\000M\000e\000m\000o\000r\000y\000-\000B\000a\000s\000e\000d\000\040\000A\000n\000a\000l\000y\000s\000i\000s}{chapter.2}% 18
\BOOKMARK [1][-]{section.2.3}{\376\377\000M\000e\000m\000o\000r\000y\000\040\000F\000o\000r\000e\000n\000s\000i\000c\000s}{chapter.2}% 19
\BOOKMARK [1][-]{section.2.4}{\376\377\000W\000i\000n\000d\000o\000w\000s\000\040\000M\000e\000m\000o\000r\000y\000\040\000A\000r\000t\000e\000f\000a\000c\000t\000s\000\040\000a\000n\000d\000\040\000I\000n\000t\000e\000r\000n\000a\000l\000s}{chapter.2}% 20
\BOOKMARK [1][-]{section.2.5}{\376\377\000S\000t\000a\000n\000d\000a\000r\000d\000s\000,\000\040\000F\000r\000a\000m\000e\000w\000o\000r\000k\000s\000,\000\040\000a\000n\000d\000\040\000I\000n\000c\000i\000d\000e\000n\000t\000\040\000R\000e\000s\000p\000o\000n\000s\000e\000\040\000C\000o\000n\000t\000e\000x\000t}{chapter.2}% 21
\BOOKMARK [1][-]{section.2.6}{\376\377\000G\000r\000a\000p\000h\000\040\000R\000e\000p\000r\000e\000s\000e\000n\000t\000a\000t\000i\000o\000n\000\040\000L\000e\000a\000r\000n\000i\000n\000g}{chapter.2}% 22
\BOOKMARK [2][-]{subsection.2.6.1}{\376\377\000M\000e\000s\000s\000a\000g\000e\000\040\000p\000a\000s\000s\000i\000n\000g\000\040\000i\000n\000t\000u\000i\000t\000i\000o\000n}{section.2.6}% 23
\BOOKMARK [2][-]{subsection.2.6.2}{\376\377\000L\000i\000m\000i\000t\000a\000t\000i\000o\000n\000s\000\040\000o\000f\000\040\000G\000N\000N\000s\000\040\000i\000n\000\040\000s\000e\000c\000u\000r\000i\000t\000y\000\040\000a\000p\000p\000l\000i\000c\000a\000t\000i\000o\000n\000s}{section.2.6}% 24
\BOOKMARK [2][-]{subsection.2.6.3}{\376\377\000D\000a\000t\000a\000s\000e\000t\000\040\000l\000e\000a\000k\000a\000g\000e\000\040\000a\000n\000d\000\040\000e\000v\000a\000l\000u\000a\000t\000i\000o\000n\000\040\000v\000a\000l\000i\000d\000i\000t\000y}{section.2.6}% 25
\BOOKMARK [2][-]{subsection.2.6.4}{\376\377\000A\000d\000v\000e\000r\000s\000a\000r\000i\000a\000l\000\040\000m\000a\000c\000h\000i\000n\000e\000\040\000l\000e\000a\000r\000n\000i\000n\000g\000\040\000i\000n\000\040\000m\000a\000l\000w\000a\000r\000e\000\040\000d\000e\000t\000e\000c\000t\000i\000o\000n}{section.2.6}% 26
\BOOKMARK [1][-]{section.2.7}{\376\377\000R\000a\000n\000s\000o\000m\000w\000a\000r\000e\000\040\000a\000n\000d\000\040\000M\000e\000m\000o\000r\000y\000-\000R\000e\000s\000i\000d\000e\000n\000t\000\040\000B\000e\000h\000a\000v\000i\000o\000u\000r}{chapter.2}% 27
\BOOKMARK [1][-]{section.2.8}{\376\377\000G\000r\000a\000p\000h\000-\000B\000a\000s\000e\000d\000\040\000M\000a\000l\000w\000a\000r\000e\000\040\000D\000e\000t\000e\000c\000t\000i\000o\000n}{chapter.2}% 28
\BOOKMARK [1][-]{section.2.9}{\376\377\000A\000n\000o\000m\000a\000l\000y\000\040\000D\000e\000t\000e\000c\000t\000i\000o\000n\000\040\000a\000n\000d\000\040\000O\000n\000e\000-\000C\000l\000a\000s\000s\000\040\000L\000e\000a\000r\000n\000i\000n\000g}{chapter.2}% 29
\BOOKMARK [1][-]{section.2.10}{\376\377\000E\000v\000a\000l\000u\000a\000t\000i\000o\000n\000\040\000M\000e\000t\000r\000i\000c\000s\000\040\000i\000n\000\040\000S\000e\000c\000u\000r\000i\000t\000y\000\040\000M\000a\000c\000h\000i\000n\000e\000\040\000L\000e\000a\000r\000n\000i\000n\000g}{chapter.2}% 30
\BOOKMARK [1][-]{section.2.11}{\376\377\000E\000x\000p\000l\000a\000i\000n\000a\000b\000i\000l\000i\000t\000y\000\040\000a\000n\000d\000\040\000C\000a\000l\000i\000b\000r\000a\000t\000i\000o\000n}{chapter.2}% 31
\BOOKMARK [1][-]{section.2.12}{\376\377\000R\000e\000s\000e\000a\000r\000c\000h\000\040\000G\000a\000p}{chapter.2}% 32
\BOOKMARK [1][-]{section.2.13}{\376\377\000M\000a\000c\000h\000i\000n\000e\000\040\000L\000e\000a\000r\000n\000i\000n\000g\000\040\000T\000o\000o\000l\000i\000n\000g\000\040\000f\000o\000r\000\040\000S\000e\000c\000u\000r\000i\000t\000y\000\040\000R\000e\000s\000e\000a\000r\000c\000h}{chapter.2}% 33
\BOOKMARK [1][-]{section.2.14}{\376\377\000S\000y\000n\000t\000h\000e\000s\000i\000s\000\040\000f\000o\000r\000\040\000T\000h\000i\000s\000\040\000D\000i\000s\000s\000e\000r\000t\000a\000t\000i\000o\000n}{chapter.2}% 34
\BOOKMARK [0][-]{chapter.3}{\376\377\000R\000e\000s\000e\000a\000r\000c\000h\000\040\000M\000e\000t\000h\000o\000d\000o\000l\000o\000g\000y}{}% 35
\BOOKMARK [1][-]{section.3.1}{\376\377\000R\000e\000s\000e\000a\000r\000c\000h\000\040\000D\000e\000s\000i\000g\000n}{chapter.3}% 36
\BOOKMARK [1][-]{section.3.2}{\376\377\000D\000a\000t\000a\000\040\000S\000o\000u\000r\000c\000e\000s}{chapter.3}% 37
\BOOKMARK [1][-]{section.3.3}{\376\377\000V\000o\000l\000a\000t\000i\000l\000i\000t\000y\000\040\0003\000\040\000E\000x\000t\000r\000a\000c\000t\000i\000o\000n}{chapter.3}% 38
\BOOKMARK [1][-]{section.3.4}{\376\377\000G\000r\000a\000p\000h\000\040\000C\000o\000n\000s\000t\000r\000u\000c\000t\000i\000o\000n\000\040\000M\000e\000t\000h\000o\000d}{chapter.3}% 39
\BOOKMARK [1][-]{section.3.5}{\376\377\000F\000e\000a\000t\000u\000r\000e\000\040\000E\000n\000g\000i\000n\000e\000e\000r\000i\000n\000g}{chapter.3}% 40
\BOOKMARK [1][-]{section.3.6}{\376\377\000M\000o\000d\000e\000l\000\040\000M\000e\000t\000h\000o\000d\000o\000l\000o\000g\000y}{chapter.3}% 41
\BOOKMARK [1][-]{section.3.7}{\376\377\000E\000v\000a\000l\000u\000a\000t\000i\000o\000n\000\040\000M\000e\000t\000h\000o\000d}{chapter.3}% 42
\BOOKMARK [1][-]{section.3.8}{\376\377\000E\000t\000h\000i\000c\000s}{chapter.3}% 43
\BOOKMARK [1][-]{section.3.9}{\376\377\000D\000a\000t\000a\000\040\000C\000o\000l\000l\000e\000c\000t\000i\000o\000n\000\040\000a\000n\000d\000\040\000S\000a\000m\000p\000l\000e\000\040\000S\000e\000l\000e\000c\000t\000i\000o\000n}{chapter.3}% 44
\BOOKMARK [1][-]{section.3.10}{\376\377\000L\000a\000b\000e\000l\000l\000i\000n\000g\000\040\000P\000o\000l\000i\000c\000y\000\040\000a\000n\000d\000\040\000U\000n\000c\000e\000r\000t\000a\000i\000n\000t\000y\000\040\000H\000a\000n\000d\000l\000i\000n\000g}{chapter.3}% 45
\BOOKMARK [1][-]{section.3.11}{\376\377\000D\000e\000t\000a\000i\000l\000e\000d\000\040\000F\000e\000a\000t\000u\000r\000e\000\040\000G\000r\000o\000u\000p\000s}{chapter.3}% 46
\BOOKMARK [1][-]{section.3.12}{\376\377\000T\000r\000a\000i\000n\000i\000n\000g\000\040\000a\000n\000d\000\040\000V\000a\000l\000i\000d\000a\000t\000i\000o\000n\000\040\000P\000r\000o\000t\000o\000c\000o\000l}{chapter.3}% 47
\BOOKMARK [1][-]{section.3.13}{\376\377\000T\000h\000r\000e\000a\000t\000s\000\040\000t\000o\000\040\000V\000a\000l\000i\000d\000i\000t\000y}{chapter.3}% 48
\BOOKMARK [1][-]{section.3.14}{\376\377\000R\000e\000s\000e\000a\000r\000c\000h\000\040\000T\000i\000m\000e\000l\000i\000n\000e\000\040\000a\000n\000d\000\040\000A\000r\000t\000e\000f\000a\000c\000t\000\040\000M\000i\000l\000e\000s\000t\000o\000n\000e\000s}{chapter.3}% 49
\BOOKMARK [1][-]{section.3.15}{\376\377\000R\000e\000l\000a\000t\000i\000o\000n\000\040\000t\000o\000\040\000d\000o\000c\000s\000.\000m\000d\000\040\000a\000n\000d\000\040\000C\000o\000d\000e\000\040\000C\000o\000n\000t\000r\000a\000c\000t\000s}{chapter.3}% 50
\BOOKMARK [0][-]{chapter.4}{\376\377\000S\000y\000s\000t\000e\000m\000\040\000D\000e\000s\000i\000g\000n}{}% 51
\BOOKMARK [1][-]{section.4.1}{\376\377\000O\000v\000e\000r\000v\000i\000e\000w}{chapter.4}% 52
\BOOKMARK [1][-]{section.4.2}{\376\377\000E\000x\000t\000r\000a\000c\000t\000i\000o\000n\000\040\000L\000a\000y\000e\000r}{chapter.4}% 53
\BOOKMARK [1][-]{section.4.3}{\376\377\000G\000r\000a\000p\000h\000\040\000L\000a\000y\000e\000r}{chapter.4}% 54
\BOOKMARK [1][-]{section.4.4}{\376\377\000T\000r\000i\000a\000g\000e\000\040\000a\000n\000d\000\040\000G\000r\000a\000p\000h\000\040\000A\000t\000t\000r\000i\000b\000u\000t\000e\000s}{chapter.4}% 55
\BOOKMARK [1][-]{section.4.5}{\376\377\000D\000a\000t\000a\000s\000e\000t\000\040\000M\000a\000n\000i\000f\000e\000s\000t\000\040\000D\000e\000s\000i\000g\000n}{chapter.4}% 56
\BOOKMARK [1][-]{section.4.6}{\376\377\000M\000o\000d\000e\000l\000\040\000S\000t\000a\000c\000k}{chapter.4}% 57
\BOOKMARK [1][-]{section.4.7}{\376\377\000E\000v\000i\000d\000e\000n\000c\000e\000\040\000D\000e\000s\000i\000g\000n}{chapter.4}% 58
\BOOKMARK [1][-]{section.4.8}{\376\377\000I\000n\000t\000e\000r\000f\000a\000c\000e\000\040\000B\000e\000t\000w\000e\000e\000n\000\040\000T\000r\000i\000a\000g\000e\000\040\000R\000u\000l\000e\000s\000\040\000a\000n\000d\000\040\000L\000e\000a\000r\000n\000i\000n\000g}{chapter.4}% 59
\BOOKMARK [1][-]{section.4.9}{\376\377\000F\000i\000n\000a\000l\000\040\000R\000e\000d\000e\000s\000i\000g\000n\000\040\000A\000d\000d\000i\000t\000i\000o\000n\000s}{chapter.4}% 60
\BOOKMARK [1][-]{section.4.10}{\376\377\000D\000a\000s\000h\000b\000o\000a\000r\000d\000\040\000a\000n\000d\000\040\000O\000p\000e\000r\000a\000t\000i\000o\000n\000a\000l\000\040\000I\000n\000t\000e\000g\000r\000a\000t\000i\000o\000n}{chapter.4}% 61
\BOOKMARK [1][-]{section.4.11}{\376\377\000D\000e\000s\000i\000g\000n\000\040\000R\000a\000t\000i\000o\000n\000a\000l\000e\000\040\000b\000y\000\040\000L\000a\000y\000e\000r}{chapter.4}% 62
\BOOKMARK [2][-]{subsection.4.11.1}{\376\377\000W\000h\000y\000\040\000s\000e\000p\000a\000r\000a\000t\000e\000\040\000e\000x\000t\000r\000a\000c\000t\000i\000o\000n\000\040\000a\000n\000d\000\040\000l\000e\000a\000r\000n\000i\000n\000g}{section.4.11}% 63
\BOOKMARK [2][-]{subsection.4.11.2}{\376\377\000W\000h\000y\000\040\000u\000s\000e\000\040\000b\000o\000t\000h\000\040\000r\000u\000l\000e\000s\000\040\000a\000n\000d\000\040\000G\000N\000N\000s}{section.4.11}% 64
\BOOKMARK [2][-]{subsection.4.11.3}{\376\377\000W\000h\000y\000\040\000g\000r\000a\000p\000h\000-\000l\000e\000v\000e\000l\000\040\000c\000l\000a\000s\000s\000i\000f\000i\000c\000a\000t\000i\000o\000n}{section.4.11}% 65
\BOOKMARK [1][-]{section.4.12}{\376\377\000F\000a\000i\000l\000u\000r\000e\000\040\000H\000a\000n\000d\000l\000i\000n\000g\000\040\000a\000n\000d\000\040\000H\000e\000a\000l\000t\000h\000\040\000F\000l\000a\000g\000s}{chapter.4}% 66
\BOOKMARK [1][-]{section.4.13}{\376\377\000S\000e\000c\000u\000r\000i\000t\000y\000\040\000a\000n\000d\000\040\000P\000r\000i\000v\000a\000c\000y\000\040\000C\000o\000n\000s\000i\000d\000e\000r\000a\000t\000i\000o\000n\000s\000\040\000i\000n\000\040\000D\000e\000s\000i\000g\000n}{chapter.4}% 67
\BOOKMARK [0][-]{chapter.5}{\376\377\000I\000m\000p\000l\000e\000m\000e\000n\000t\000a\000t\000i\000o\000n}{}% 68
\BOOKMARK [1][-]{section.5.1}{\376\377\000D\000e\000v\000e\000l\000o\000p\000m\000e\000n\000t\000\040\000E\000n\000v\000i\000r\000o\000n\000m\000e\000n\000t}{chapter.5}% 69
\BOOKMARK [1][-]{section.5.2}{\376\377\000M\000a\000i\000n\000\040\000R\000e\000p\000o\000s\000i\000t\000o\000r\000y\000\040\000C\000o\000m\000p\000o\000n\000e\000n\000t\000s}{chapter.5}% 70
\BOOKMARK [2][-]{subsection.5.2.1}{\376\377\000E\000x\000t\000r\000a\000c\000t\000i\000o\000n\000\040\000a\000n\000d\000\040\000g\000r\000a\000p\000h\000\040\000b\000u\000i\000l\000d}{section.5.2}% 71
\BOOKMARK [2][-]{subsection.5.2.2}{\376\377\000D\000a\000t\000a\000s\000e\000t\000\040\000a\000n\000d\000\040\000m\000o\000d\000e\000l\000\040\000c\000o\000d\000e}{section.5.2}% 72
\BOOKMARK [2][-]{subsection.5.2.3}{\376\377\000G\000o\000v\000e\000r\000n\000a\000n\000c\000e\000\040\000f\000i\000e\000l\000d\000s\000\040\000a\000n\000d\000\040\000b\000e\000n\000i\000g\000n\000-\000s\000u\000b\000t\000y\000p\000e\000\040\000h\000a\000n\000d\000l\000i\000n\000g}{section.5.2}% 73
\BOOKMARK [2][-]{subsection.5.2.4}{\376\377\000G\000r\000a\000p\000h\000-\000a\000t\000t\000r\000i\000b\000u\000t\000e\000\040\000l\000e\000a\000k\000a\000g\000e\000\040\000c\000o\000n\000t\000r\000o\000l\000s}{section.5.2}% 74
\BOOKMARK [2][-]{subsection.5.2.5}{\376\377\000A\000t\000t\000a\000c\000k\000-\000c\000e\000n\000t\000r\000e\000d\000\040\000s\000u\000b\000g\000r\000a\000p\000h\000\040\000v\000i\000e\000w}{section.5.2}% 75
\BOOKMARK [1][-]{section.5.3}{\376\377\000D\000a\000t\000a\000\040\000C\000o\000n\000t\000r\000a\000c\000t\000s}{chapter.5}% 76
\BOOKMARK [1][-]{section.5.4}{\376\377\000N\000o\000d\000e\000\040\000a\000n\000d\000\040\000E\000d\000g\000e\000\040\000I\000m\000p\000l\000e\000m\000e\000n\000t\000a\000t\000i\000o\000n}{chapter.5}% 77
\BOOKMARK [1][-]{section.5.5}{\376\377\000W\000h\000y\000\040\000G\000I\000N\000E\000\040\000a\000n\000d\000\040\000W\000h\000a\000t\000\040\000A\000l\000t\000e\000r\000n\000a\000t\000i\000v\000e\000s\000\040\000W\000e\000r\000e\000\040\000C\000o\000n\000s\000i\000d\000e\000r\000e\000d}{chapter.5}% 78
\BOOKMARK [2][-]{subsection.5.5.1}{\376\377\000W\000h\000y\000\040\000G\000I\000N\000E\000\040\000o\000v\000e\000r\000\040\000u\000n\000t\000y\000p\000e\000d\000\040\000c\000o\000n\000v\000o\000l\000u\000t\000i\000o\000n\000s}{section.5.5}% 79
\BOOKMARK [2][-]{subsection.5.5.2}{\376\377\000W\000h\000y\000\040\000g\000r\000a\000p\000h\000-\000l\000e\000v\000e\000l\000\040\000c\000l\000a\000s\000s\000i\000f\000i\000c\000a\000t\000i\000o\000n\000,\000\040\000n\000o\000t\000\040\000n\000o\000d\000e\000\040\000l\000a\000b\000e\000l\000s}{section.5.5}% 80
\BOOKMARK [2][-]{subsection.5.5.3}{\376\377\000S\000u\000p\000p\000o\000r\000t\000e\000d\000\040\000b\000a\000c\000k\000b\000o\000n\000e\000s\000\040\000a\000n\000d\000\040\000e\000x\000p\000e\000c\000t\000e\000d\000\040\000t\000r\000a\000d\000e\000-\000o\000f\000f\000s}{section.5.5}% 81
\BOOKMARK [2][-]{subsection.5.5.4}{\376\377\000W\000h\000a\000t\000\040\000d\000i\000d\000\040\000n\000o\000t\000\040\000w\000o\000r\000k\000\040\000w\000e\000l\000l\000\040\000i\000n\000\040\000p\000r\000a\000c\000t\000i\000c\000e}{section.5.5}% 82
\BOOKMARK [1][-]{section.5.6}{\376\377\000G\000N\000N\000\040\000I\000m\000p\000l\000e\000m\000e\000n\000t\000a\000t\000i\000o\000n}{chapter.5}% 83
\BOOKMARK [2][-]{subsection.5.6.1}{\376\377\000T\000r\000a\000i\000n\000i\000n\000g\000\040\000c\000o\000n\000f\000i\000g\000u\000r\000a\000t\000i\000o\000n}{section.5.6}% 84
\BOOKMARK [1][-]{section.5.7}{\376\377\000E\000v\000i\000d\000e\000n\000c\000e\000\040\000a\000n\000d\000\040\000I\000n\000f\000e\000r\000e\000n\000c\000e\000\040\000I\000m\000p\000l\000e\000m\000e\000n\000t\000a\000t\000i\000o\000n}{chapter.5}% 85
\BOOKMARK [2][-]{subsection.5.7.1}{\376\377\000U\000n\000c\000e\000r\000t\000a\000i\000n\000t\000y\000,\000\040\000a\000b\000s\000t\000e\000n\000t\000i\000o\000n\000,\000\040\000a\000n\000d\000\040\000c\000o\000n\000f\000o\000r\000m\000a\000l\000\040\000h\000o\000o\000k\000s}{section.5.7}% 86
\BOOKMARK [1][-]{section.5.8}{\376\377\000I\000m\000p\000l\000e\000m\000e\000n\000t\000a\000t\000i\000o\000n\000\040\000C\000h\000a\000l\000l\000e\000n\000g\000e\000s}{chapter.5}% 87
\BOOKMARK [1][-]{section.5.9}{\376\377\000R\000e\000p\000r\000o\000d\000u\000c\000i\000b\000i\000l\000i\000t\000y}{chapter.5}% 88
\BOOKMARK [1][-]{section.5.10}{\376\377\000P\000e\000r\000-\000M\000o\000d\000u\000l\000e\000\040\000I\000m\000p\000l\000e\000m\000e\000n\000t\000a\000t\000i\000o\000n\000\040\000N\000o\000t\000e\000s}{chapter.5}% 89
\BOOKMARK [2][-]{subsection.5.10.1}{\376\377\000b\000u\000i\000l\000d\000\137\000g\000r\000a\000p\000h\000.\000p\000y}{section.5.10}% 90
\BOOKMARK [2][-]{subsection.5.10.2}{\376\377\000f\000i\000l\000t\000e\000r\000\137\000m\000a\000l\000i\000c\000i\000o\000u\000s\000.\000p\000y}{section.5.10}% 91
\BOOKMARK [2][-]{subsection.5.10.3}{\376\377\000a\000n\000a\000l\000y\000z\000e\000\137\000g\000r\000a\000p\000h\000.\000p\000y}{section.5.10}% 92
\BOOKMARK [2][-]{subsection.5.10.4}{\376\377\000d\000a\000t\000a\000s\000e\000t\000.\000p\000y\000\040\000a\000n\000d\000\040\000t\000r\000a\000i\000n\000i\000n\000g\000\040\000s\000c\000r\000i\000p\000t\000s}{section.5.10}% 93
\BOOKMARK [2][-]{subsection.5.10.5}{\376\377\000s\000e\000r\000v\000e\000r\000.\000p\000y\000\040\000a\000n\000d\000\040\000m\000o\000d\000e\000l\000\137\000s\000c\000a\000n\000.\000p\000y}{section.5.10}% 94
\BOOKMARK [1][-]{section.5.11}{\376\377\000H\000y\000p\000e\000r\000p\000a\000r\000a\000m\000e\000t\000e\000r\000s\000\040\000a\000n\000d\000\040\000T\000r\000a\000i\000n\000i\000n\000g\000\040\000D\000e\000f\000a\000u\000l\000t\000s}{chapter.5}% 95
\BOOKMARK [1][-]{section.5.12}{\376\377\000P\000e\000r\000f\000o\000r\000m\000a\000n\000c\000e\000\040\000a\000n\000d\000\040\000R\000e\000s\000o\000u\000r\000c\000e\000\040\000C\000o\000n\000s\000i\000d\000e\000r\000a\000t\000i\000o\000n\000s}{chapter.5}% 96
\BOOKMARK [1][-]{section.5.13}{\376\377\000T\000e\000s\000t\000i\000n\000g\000\040\000a\000n\000d\000\040\000V\000a\000l\000i\000d\000a\000t\000i\000o\000n\000\040\000D\000u\000r\000i\000n\000g\000\040\000D\000e\000v\000e\000l\000o\000p\000m\000e\000n\000t}{chapter.5}% 97
\BOOKMARK [0][-]{chapter.6}{\376\377\000E\000v\000a\000l\000u\000a\000t\000i\000o\000n\000\040\000a\000n\000d\000\040\000D\000i\000s\000c\000u\000s\000s\000i\000o\000n}{}% 98
\BOOKMARK [1][-]{section.6.1}{\376\377\000C\000e\000n\000t\000r\000a\000l\000\040\000E\000m\000p\000i\000r\000i\000c\000a\000l\000\040\000F\000i\000n\000d\000i\000n\000g}{chapter.6}% 99
\BOOKMARK [1][-]{section.6.2}{\376\377\000P\000r\000o\000o\000f\000-\000o\000f\000-\000C\000o\000n\000c\000e\000p\000t\000\040\000S\000c\000o\000p\000e}{chapter.6}% 100
\BOOKMARK [1][-]{section.6.3}{\376\377\000D\000e\000s\000c\000r\000i\000p\000t\000i\000v\000e\000\040\000C\000o\000r\000p\000u\000s\000\040\000S\000t\000a\000t\000i\000s\000t\000i\000c\000s}{chapter.6}% 101
\BOOKMARK [1][-]{section.6.4}{\376\377\000R\000u\000l\000e\000-\000B\000a\000s\000e\000d\000\040\000T\000r\000i\000a\000g\000e\000\040\000A\000n\000a\000l\000y\000s\000i\000s}{chapter.6}% 102
\BOOKMARK [1][-]{section.6.5}{\376\377\000Q\000u\000a\000n\000t\000i\000t\000a\000t\000i\000v\000e\000\040\000M\000a\000c\000h\000i\000n\000e\000\040\000L\000e\000a\000r\000n\000i\000n\000g\000\040\000E\000v\000a\000l\000u\000a\000t\000i\000o\000n}{chapter.6}% 103
\BOOKMARK [2][-]{subsection.6.5.1}{\376\377\000T\000r\000a\000c\000k\000\040\0001\000:\000\040\000e\000x\000p\000l\000o\000r\000a\000t\000o\000r\000y\000\040\000g\000r\000o\000u\000p\000e\000d\000\040\000c\000r\000o\000s\000s\000-\000v\000a\000l\000i\000d\000a\000t\000i\000o\000n}{section.6.5}% 104
\BOOKMARK [2][-]{subsection.6.5.2}{\376\377\000T\000a\000b\000u\000l\000a\000r\000\040\000b\000a\000s\000e\000l\000i\000n\000e\000s\000\040\000\050\000m\000a\000n\000i\000f\000e\000s\000t\000\040\000g\000r\000a\000p\000h\000-\000l\000e\000v\000e\000l\000\040\000f\000e\000a\000t\000u\000r\000e\000s\000\051}{section.6.5}% 105
\BOOKMARK [2][-]{subsection.6.5.3}{\376\377\000T\000r\000a\000c\000k\000s\000\040\0002\000\040\000a\000n\000d\000\040\0003\000:\000\040\000p\000r\000i\000m\000a\000r\000y\000\040\000e\000v\000a\000l\000u\000a\000t\000i\000o\000n}{section.6.5}% 106
\BOOKMARK [2][-]{subsection.6.5.4}{\376\377\000E\000v\000a\000l\000u\000a\000t\000i\000o\000n\000\040\000c\000o\000r\000p\000u\000s\000\040\000\050\000T\000r\000a\000c\000k\000s\000\040\0002\000\040\000a\000n\000d\000\040\0003\000\051}{section.6.5}% 107
\BOOKMARK [2][-]{subsection.6.5.5}{\376\377\000T\000r\000a\000c\000k\000\040\0002\000:\000\040\000b\000i\000n\000a\000r\000y\000\040\000G\000N\000N\000\040\000\050\000a\000n\000a\000l\000y\000z\000e\000\137\000b\000i\000n\000a\000r\000y\000\137\000m\000o\000d\000e\000l\000.\000p\000y\000\051}{section.6.5}% 108
\BOOKMARK [2][-]{subsection.6.5.6}{\376\377\000T\000r\000a\000c\000k\000\040\0003\000:\000\040\000t\000w\000o\000-\000m\000o\000d\000e\000l\000\040\000f\000u\000s\000i\000o\000n\000\040\000\050\000a\000n\000a\000l\000y\000z\000e\000\137\000t\000w\000o\000\137\000m\000o\000d\000e\000l\000.\000p\000y\000\051}{section.6.5}% 109
\BOOKMARK [1][-]{section.6.6}{\376\377\000F\000a\000i\000l\000u\000r\000e\000\040\000C\000a\000s\000e\000s\000\040\000a\000n\000d\000\040\000E\000d\000g\000e\000\040\000F\000a\000m\000i\000l\000i\000e\000s}{chapter.6}% 110
\BOOKMARK [2][-]{subsection.6.6.1}{\376\377\000W\0003\0002\000.\000M\000y\000D\000o\000o\000m\000.\000A\000.\000\040\000p\000a\000i\000r\000\040\000\050\000v\000e\000r\000y\000\040\000s\000m\000a\000l\000l\000\040\000g\000r\000a\000p\000h\000s\000\051}{section.6.6}% 111
\BOOKMARK [2][-]{subsection.6.6.2}{\376\377\000C\000e\000r\000b\000e\000r\000\040\000p\000a\000i\000r\000\040\000\050\000s\000i\000m\000i\000l\000a\000r\000\040\000s\000c\000a\000l\000e\000,\000\040\000d\000i\000v\000e\000r\000g\000e\000n\000t\000\040\000C\0002\000\040\000c\000o\000u\000n\000t\000s\000\051}{section.6.6}% 112
\BOOKMARK [2][-]{subsection.6.6.3}{\376\377\000G\000o\000l\000d\000e\000n\000E\000y\000e\000\040\000p\000a\000i\000r\000\040\000\050\000h\000i\000g\000h\000\040\000i\000n\000j\000e\000c\000t\000i\000o\000n\000\040\000o\000n\000\040\000b\000o\000t\000h\000\040\000r\000o\000w\000s\000\051}{section.6.6}% 113
\BOOKMARK [2][-]{subsection.6.6.4}{\376\377\000W\000a\000n\000n\000a\000C\000r\000y\000\040\000c\000a\000s\000e\000\040\000s\000t\000u\000d\000y}{section.6.6}% 114
\BOOKMARK [2][-]{subsection.6.6.5}{\376\377\000W\000h\000e\000n\000\040\000a\000\040\000G\000N\000N\000\040\000m\000a\000y\000\040\000n\000o\000t\000\040\000h\000e\000l\000p}{section.6.6}% 115
\BOOKMARK [1][-]{section.6.7}{\376\377\000B\000i\000n\000a\000r\000y\000\040\000a\000n\000d\000\040\000T\000w\000o\000-\000M\000o\000d\000e\000l\000\040\000D\000i\000s\000c\000u\000s\000s\000i\000o\000n}{chapter.6}% 116
\BOOKMARK [2][-]{subsection.6.7.1}{\376\377\000F\000o\000r\000e\000n\000s\000i\000c\000\040\000d\000i\000a\000g\000n\000o\000s\000i\000s\000\040\000o\000f\000\040\000t\000h\000e\000\040\000t\000w\000o\000-\000m\000o\000d\000e\000l\000\040\000r\000u\000n}{section.6.7}% 117
\BOOKMARK [2][-]{subsection.6.7.2}{\376\377\000R\000e\000d\000e\000s\000i\000g\000n\000\040\000a\000b\000l\000a\000t\000i\000o\000n\000s\000\040\000a\000n\000d\000\040\000r\000e\000m\000a\000i\000n\000i\000n\000g\000\040\000d\000a\000t\000a\000\040\000g\000a\000p}{section.6.7}% 118
\BOOKMARK [1][-]{section.6.8}{\376\377\000E\000x\000p\000l\000a\000i\000n\000a\000b\000i\000l\000i\000t\000y}{chapter.6}% 119
\BOOKMARK [1][-]{section.6.9}{\376\377\000W\000h\000a\000t\000\040\000R\000e\000s\000u\000l\000t\000s\000\040\000P\000r\000o\000v\000e\000\040\000a\000n\000d\000\040\000D\000o\000\040\000N\000o\000t\000\040\000P\000r\000o\000v\000e}{chapter.6}% 120
\BOOKMARK [1][-]{section.6.10}{\376\377\000L\000i\000m\000i\000t\000a\000t\000i\000o\000n\000s}{chapter.6}% 121
\BOOKMARK [1][-]{section.6.11}{\376\377\000P\000r\000a\000c\000t\000i\000c\000a\000l\000\040\000V\000a\000l\000u\000e}{chapter.6}% 122
\BOOKMARK [1][-]{section.6.12}{\376\377\000S\000u\000m\000m\000a\000r\000y}{chapter.6}% 123
\BOOKMARK [0][-]{chapter.7}{\376\377\000C\000o\000n\000c\000l\000u\000s\000i\000o\000n\000\040\000a\000n\000d\000\040\000F\000u\000t\000u\000r\000e\000\040\000W\000o\000r\000k}{}% 124
\BOOKMARK [1][-]{section.7.1}{\376\377\000C\000o\000n\000c\000l\000u\000s\000i\000o\000n}{chapter.7}% 125
\BOOKMARK [1][-]{section.7.2}{\376\377\000A\000n\000s\000w\000e\000r\000s\000\040\000t\000o\000\040\000R\000e\000s\000e\000a\000r\000c\000h\000\040\000Q\000u\000e\000s\000t\000i\000o\000n\000s}{chapter.7}% 126
\BOOKMARK [1][-]{section.7.3}{\376\377\000R\000e\000f\000l\000e\000c\000t\000i\000o\000n\000\040\000o\000n\000\040\000t\000h\000e\000\040\000R\000e\000s\000e\000a\000r\000c\000h\000\040\000A\000i\000m}{chapter.7}% 127
\BOOKMARK [1][-]{section.7.4}{\376\377\000C\000o\000n\000t\000r\000i\000b\000u\000t\000i\000o\000n\000s}{chapter.7}% 128
\BOOKMARK [1][-]{section.7.5}{\376\377\000F\000u\000t\000u\000r\000e\000\040\000W\000o\000r\000k}{chapter.7}% 129
\BOOKMARK [1][-]{section.7.6}{\376\377\000L\000o\000n\000g\000e\000r\000-\000T\000e\000r\000m\000\040\000R\000e\000s\000e\000a\000r\000c\000h\000\040\000D\000i\000r\000e\000c\000t\000i\000o\000n}{chapter.7}% 130
\BOOKMARK [1][-]{section.7.7}{\376\377\000I\000m\000p\000l\000i\000c\000a\000t\000i\000o\000n\000s\000\040\000f\000o\000r\000\040\000P\000r\000a\000c\000t\000i\000c\000e}{chapter.7}% 131
\BOOKMARK [1][-]{section.7.8}{\376\377\000F\000i\000n\000a\000l\000\040\000S\000t\000a\000t\000e\000m\000e\000n\000t}{chapter.7}% 132
\BOOKMARK [0][-]{chapter.8}{\376\377\000R\000e\000f\000l\000e\000c\000t\000i\000o\000n}{}% 133
\BOOKMARK [1][-]{section.8.1}{\376\377\000P\000r\000o\000j\000e\000c\000t\000\040\000L\000e\000a\000r\000n\000i\000n\000g}{chapter.8}% 134
\BOOKMARK [1][-]{section.8.2}{\376\377\000T\000e\000c\000h\000n\000i\000c\000a\000l\000\040\000R\000e\000f\000l\000e\000c\000t\000i\000o\000n}{chapter.8}% 135
\BOOKMARK [1][-]{section.8.3}{\376\377\000R\000e\000s\000e\000a\000r\000c\000h\000\040\000R\000e\000f\000l\000e\000c\000t\000i\000o\000n}{chapter.8}% 136
\BOOKMARK [1][-]{section.8.4}{\376\377\000P\000r\000o\000f\000e\000s\000s\000i\000o\000n\000a\000l\000\040\000R\000e\000f\000l\000e\000c\000t\000i\000o\000n}{chapter.8}% 137
\BOOKMARK [1][-]{section.8.5}{\376\377\000C\000l\000o\000s\000i\000n\000g\000\040\000R\000e\000f\000l\000e\000c\000t\000i\000o\000n}{chapter.8}% 138
\BOOKMARK [1][-]{section.8.6}{\376\377\000S\000k\000i\000l\000l\000s\000\040\000D\000e\000v\000e\000l\000o\000p\000e\000d}{chapter.8}% 139
\BOOKMARK [1][-]{section.8.7}{\376\377\000W\000h\000a\000t\000\040\000I\000\040\000W\000o\000u\000l\000d\000\040\000D\000o\000\040\000D\000i\000f\000f\000e\000r\000e\000n\000t\000l\000y}{chapter.8}% 140
\BOOKMARK [1][-]{section.8.8}{\376\377\000P\000e\000r\000s\000o\000n\000a\000l\000\040\000O\000u\000t\000c\000o\000m\000e}{chapter.8}% 141
\BOOKMARK [0][-]{appendix.A}{\376\377\000P\000r\000o\000j\000e\000c\000t\000\040\000A\000r\000t\000e\000f\000a\000c\000t\000s\000\040\000a\000n\000d\000\040\000R\000e\000p\000r\000o\000d\000u\000c\000i\000b\000i\000l\000i\000t\000y}{}% 142
\BOOKMARK [1][-]{section.A.1}{\376\377\000P\000r\000o\000j\000e\000c\000t\000\040\000A\000r\000t\000e\000f\000a\000c\000t\000\040\000M\000a\000p}{appendix.A}% 143
\BOOKMARK [1][-]{section.A.2}{\376\377\000M\000a\000n\000i\000f\000e\000s\000t\000\040\000C\000o\000l\000u\000m\000n\000\040\000G\000l\000o\000s\000s\000a\000r\000y}{appendix.A}% 144
\BOOKMARK [1][-]{section.A.3}{\376\377\000C\000o\000r\000e\000\040\000P\000l\000u\000g\000i\000n\000\040\000S\000e\000t}{appendix.A}% 145
\BOOKMARK [1][-]{section.A.4}{\376\377\000H\000a\000r\000d\000-\000B\000e\000n\000i\000g\000n\000\040\000G\000o\000v\000e\000r\000n\000a\000n\000c\000e\000\040\000L\000a\000b\000e\000l\000s}{appendix.A}% 146
\BOOKMARK [1][-]{section.A.5}{\376\377\000R\000e\000p\000r\000o\000d\000u\000c\000i\000b\000i\000l\000i\000t\000y\000\040\000C\000o\000m\000m\000a\000n\000d\000s}{appendix.A}% 147
\BOOKMARK [1][-]{section.A.6}{\376\377\000A\000c\000r\000o\000n\000y\000m\000s}{appendix.A}% 148
\BOOKMARK [1][-]{section.A.7}{\376\377\000M\000a\000n\000i\000f\000e\000s\000t\000\040\000E\000x\000c\000e\000r\000p\000t\000\040\000\050\000D\000e\000s\000c\000r\000i\000p\000t\000i\000v\000e\000\040\000C\000o\000r\000p\000u\000s\000\051}{appendix.A}% 149
\BOOKMARK [1][-]{section.A.8}{\376\377\000F\000i\000g\000u\000r\000e\000\040\000d\000a\000t\000a\000\040\000e\000x\000p\000o\000r\000t}{appendix.A}% 150
\BOOKMARK [0][-]{appendix.B}{\376\377\000D\000a\000t\000a\000s\000e\000t\000\040\000S\000t\000a\000t\000i\000s\000t\000i\000c\000s\000\040\000S\000u\000m\000m\000a\000r\000y}{}% 151
\BOOKMARK [1][-]{section.B.1}{\376\377\000D\000e\000s\000c\000r\000i\000p\000t\000i\000v\000e\000\040\000c\000o\000r\000p\000u\000s\000\040\000\050\000e\000x\000t\000r\000a\000c\000t\000e\000d\000\137\000d\000a\000t\000a\000,\000\040\000n\000=\0003\0000\000\051}{appendix.B}% 152
\BOOKMARK [2][-]{subsection.B.1.1}{\376\377\000L\000a\000b\000e\000l\000\040\000a\000n\000d\000\040\000u\000n\000c\000e\000r\000t\000a\000i\000n\000t\000y\000\040\000c\000o\000u\000n\000t\000s}{section.B.1}% 153
\BOOKMARK [2][-]{subsection.B.1.2}{\376\377\000G\000r\000a\000p\000h\000\040\000s\000i\000z\000e\000\040\000r\000a\000n\000g\000e\000s}{section.B.1}% 154
\BOOKMARK [2][-]{subsection.B.1.3}{\376\377\000F\000a\000m\000i\000l\000i\000e\000s\000\040\000r\000e\000p\000r\000e\000s\000e\000n\000t\000e\000d}{section.B.1}% 155
\BOOKMARK [1][-]{section.B.2}{\376\377\000M\000L\000\040\000e\000v\000a\000l\000u\000a\000t\000i\000o\000n\000\040\000c\000o\000r\000p\000u\000s\000\040\000\050\000e\000x\000t\000r\000a\000c\000t\000e\000d\000\137\000c\000s\000v\000s\000,\000\040\000n\000=\0004\0003\000\051}{appendix.B}% 156
\BOOKMARK [2][-]{subsection.B.2.1}{\376\377\000L\000a\000b\000e\000l\000\040\000a\000n\000d\000\040\000g\000o\000v\000e\000r\000n\000a\000n\000c\000e\000\040\000c\000o\000u\000n\000t\000s}{section.B.2}% 157
\BOOKMARK [2][-]{subsection.B.2.2}{\376\377\000C\000o\000m\000p\000o\000s\000i\000t\000i\000o\000n\000\040\000n\000o\000t\000e\000s}{section.B.2}% 158
\BOOKMARK [1][-]{section.B.3}{\376\377\000I\000n\000t\000e\000r\000p\000r\000e\000t\000a\000t\000i\000o\000n\000\040\000n\000o\000t\000e\000s}{appendix.B}% 159
\BOOKMARK [1][-]{section.B.4}{\376\377\000R\000e\000c\000o\000m\000m\000e\000n\000d\000e\000d\000\040\000R\000e\000p\000o\000r\000t\000i\000n\000g\000\040\000C\000h\000e\000c\000k\000l\000i\000s\000t\000\040\000f\000o\000r\000\040\000F\000u\000t\000u\000r\000e\000\040\000E\000x\000p\000e\000r\000i\000m\000e\000n\000t\000s}{appendix.B}% 160
\BOOKMARK [0][-]{appendix.C}{\376\377\000G\000l\000o\000s\000s\000a\000r\000y\000\040\000o\000f\000\040\000K\000e\000y\000\040\000T\000e\000r\000m\000s}{}% 161
\BOOKMARK [0][-]{appendix.D}{\376\377\000V\000o\000l\000a\000t\000i\000l\000i\000t\000y\000\040\000P\000l\000u\000g\000i\000n\000\040\000N\000o\000t\000e\000s\000\040\000\050\000E\000x\000t\000e\000n\000d\000e\000d\000\051}{}% 162
